// Jest Snapshot v1, https://goo.gl/fbAQLP

exports[`PostDraftling component renders a .PostDraftling by default 1`] = `
<div
  className="postDraftlingPage"
>
  <div
    className="postDraftlingHero"
  >
    <h1
      className="postHeader"
    >
      Write your Draftling
    </h1>
  </div>
  <p
    className="instructions"
  >
    Enter the following fields for your Draftling. Upon submitting, it will be placed on your shelf until it's ready to be published.
  </p>
  <br />
  <br />
  <form
    onSubmit={[Function]}
  >
    <label
      className="postLabel"
      htmlFor="title"
    >
      Draftling Title:
    </label>
    <input
      id="title"
      maxLength={30}
      name="title"
      onChange={[Function]}
      required={true}
      style={
        Object {
          "minWidth": "200px",
        }
      }
      type="text"
    />
    <br />
    <label
      className="postLabel"
      htmlFor="wordcount"
    >
      Choose an approximate word count.
    </label>
    <select
      id="wordcount"
      name="wordcount"
      onChange={[Function]}
      required={true}
    >
      <option />
      <option
        value="Six word story"
      >
        Six word story
      </option>
      <option
        value="Minisaga"
      >
        Minisaga: 50 words
      </option>
      <option
        value="Micro fiction"
      >
        Microfiction: 51 - 100 words
      </option>
      <option
        value="Twitterature"
      >
        Twitterature: 280 characters
      </option>
      <option
        value="Sudden Fiction"
      >
        Sudden Fiction: 300 - 750 words
      </option>
      <option
        value="Flash Fiction"
      >
        Flash Fiction: 751 - 1000 words
      </option>
      <option
        value="Short Story"
      >
        Short Story: 1001 - 7500 words
      </option>
      <option
        value="Novellete"
      >
        Novellete: 7501 - 20,000 words
      </option>
      <option
        value="Novella"
      >
        Novella: 20,001 - 60,000 words
      </option>
      <option
        value="Novel"
      >
        Novel: 60,0001 + words
      </option>
    </select>
    <br />
    <label
      className="postLabel"
      htmlFor="genre"
    >
      Choose a genre.
    </label>
    <select
      id="genre"
      name="genre"
      onChange={[Function]}
      required={true}
    >
      <option />
      <option
        value="Action/Adventure"
      >
        Action/Adventure
      </option>
      <option
        value="Classic"
      >
        Classic
      </option>
      <option
        value="Contempory"
      >
        Contempory
      </option>
      <option
        value="Crime/Detective"
      >
        Crime/Detective
      </option>
      <option
        value="Fable"
      >
        Fable
      </option>
      <option
        value="Fairy Tale"
      >
        Fairy Tale
      </option>
      <option
        value="Folktale"
      >
        Folktale
      </option>
      <option
        value="Gothic"
      >
        Gothic
      </option>
      <option
        value="Historical Fiction"
      >
        Historical Fiction
      </option>
      <option
        value="Horror"
      >
        Horror
      </option>
      <option
        value="Humor"
      >
        Humor
      </option>
      <option
        value="Magical Realism"
      >
        Magical realism
      </option>
      <option
        value="Mystery"
      >
        Mystery
      </option>
      <option
        value="Romance"
      >
        Romance
      </option>
      <option
        value="Science Fiction"
      >
        Science Fiction
      </option>
      <option
        value="Thriller"
      >
        Thriller
      </option>
      <option
        value="Western"
      >
        Western
      </option>
    </select>
    <br />
    <label
      className="postLabel"
      htmlFor="content"
    >
      Draftling Content
    </label>
    <br />
    <textarea
      id="content"
      name="content"
      onChange={[Function]}
      required={true}
      style={
        Object {
          "boxSizing": "border-box",
          "fontSize": "15px",
          "minHeight": "380px",
          "minWidth": "380px",
          "padding": "9px",
          "textAlign": "left",
        }
      }
    />
    <br />
    <input
      className="submitBtn"
      type="submit"
      value="Submit"
    />
  </form>
</div>
`;
