// Jest Snapshot v1, https://goo.gl/fbAQLP

exports[`Search component renders a .Search by default 1`] = `
<div
  className="searchPage"
>
  <div
    className="searchPageHero"
  >
    <h1
      className="searchHeading"
    >
      Search Draftlings
    </h1>
  </div>
  <br />
  <br />
  <section
    className="titleSearch"
  >
    <label
      htmlFor="titleSearch"
    >
      Title:
    </label>
    <input
      id="titleSearch"
      name="titleSearch"
      onChange={[Function]}
      type="text"
      value=""
    />
  </section>
  <br />
  <section
    className="wordcountSearch"
  >
    <label
      htmlFor="wordcountSearch"
    >
      Word Count:
    </label>
    <select
      id="wordcountSearch"
      name="wordcountSearch"
      onChange={[Function]}
      value=""
    >
      <option />
      <option
        value="Six word story"
      >
        Six word story
      </option>
      <option
        value="Minisaga"
      >
        Minisaga: 50 words
      </option>
      <option
        value="Micro fiction"
      >
        Microfiction: 51 - 100 words
      </option>
      <option
        value="Twitterature"
      >
        Twitterature: 280 characters
      </option>
      <option
        value="Sudden Fiction"
      >
        Sudden Fiction: 300 - 750 words
      </option>
      <option
        value="Flash Fiction"
      >
        Flash Fiction: 751 - 1000 words
      </option>
      <option
        value="Short Story"
      >
        Short Story: 1001 - 7500 words
      </option>
      <option
        value="Novellete"
      >
        Novellete: 7501 - 20,000 words
      </option>
      <option
        value="Novella"
      >
        Novella: 20,001 - 60,000 words
      </option>
      <option
        value="Novel"
      >
        Novel: 60,0001 + words
      </option>
    </select>
  </section>
  <br />
  <section
    className="genreSearch"
  >
    <label
      htmlFor="genreDrop"
    >
      Fiction Genre
    </label>
    <select
      id="genreDrop"
      name="genreDrop"
      onChange={[Function]}
      value=""
    >
      <option />
      <option
        value="Action/Adventure"
      >
        Action/Adventure
      </option>
      <option
        value="Classic"
      >
        Classic
      </option>
      <option
        value="Contempory"
      >
        Contempory
      </option>
      <option
        value="Crime/Detective"
      >
        Crime/Detective
      </option>
      <option
        value="Fable"
      >
        Fable
      </option>
      <option
        value="Fairy Tale"
      >
        Fairy Tale
      </option>
      <option
        value="Folktale"
      >
        Folktale
      </option>
      <option
        value="Gothic"
      >
        Gothic
      </option>
      <option
        value="Historical Fiction"
      >
        Historical Fiction
      </option>
      <option
        value="Horror"
      >
        Horror
      </option>
      <option
        value="Humor"
      >
        Humor
      </option>
      <option
        value="Magical Realism"
      >
        Magical realism
      </option>
      <option
        value="Mystery"
      >
        Mystery
      </option>
      <option
        value="Romance"
      >
        Romance
      </option>
      <option
        value="Science Fiction"
      >
        Science Fiction
      </option>
      <option
        value="Thriller"
      >
        Thriller
      </option>
      <option
        value="Western"
      >
        Western
      </option>
    </select>
  </section>
  <button
    onClick={[Function]}
    type="submit"
  >
    Search
  </button>
  <br />
  <br />
  <br />
  <br />
</div>
`;
