// Jest Snapshot v1, https://goo.gl/fbAQLP

exports[`Unpublish component renders a .Unpublish by default 1`] = `
<div>
  <button>
    Unpublish
  </button>
</div>
`;
