// Jest Snapshot v1, https://goo.gl/fbAQLP

exports[`SearchResults component renders a .SearchResults by default 1`] = `
<div
  className="searchResults"
>
  <h1>
    Search Results
  </h1>
  <br />
  <br />
  <section
    className="resultsPlaceholder"
  >
    <Link
      to="/read"
    >
      <button
        type="submit"
      >
        Read
      </button>
    </Link>
  </section>
  <Link
    to="/search"
  >
    <button
      type="submit"
    >
      Return to Search
    </button>
  </Link>
</div>
`;
